// Jest Snapshot v1, https://goo.gl/fbAQLP

exports[`Animated should render 1`] = `
<div>
  app
</div>
`;
