// Jest Snapshot v1, https://goo.gl/fbAQLP

exports[`Span should render 1`] = `<span />`;
